// Jest Snapshot v1, https://goo.gl/fbAQLP

exports[`Table.vue renders correctly 1`] = `undefined`;
